<svg height="220" viewBox="0 0 360 220" width="360" xmlns="http://www.w3.org/2000/svg" xmlns:xlink="http://www.w3.org/1999/xlink"> <desc>GlyphWeave word cloud — seed 99 — algorithm random-baseline — 3 words — 5.2% fill</desc> <metadata> <glyphweave algorithm="random-baseline" fill_ratio="0.0525" placed_words="3" seed="99" xmlns="https://github.com/Acture/glyphweave/v1"/> </metadata> <text dominant-baseline="text-before-edge" fill="#1D4ED8" font-family="Noto Sans SC Regular" font-size="10" text-anchor="start" x="225" y="61"> svg </text> <text dominant-baseline="text-before-edge" fill="#EA580C" font-family="Noto Sans SC Regular" font-size="11" text-anchor="start" x="275" y="61"> rust </text> <text dominant-baseline="text-before-edge" fill="#DB2777" font-family="Noto Sans SC Regular" font-size="12" text-anchor="start" x="322" y="60"> svg </text> </svg>