<svg height="220" role="img" viewBox="0 0 360 220" width="360" xmlns="http://www.w3.org/2000/svg" xmlns:xlink="http://www.w3.org/1999/xlink"> <title>GlyphWeave word cloud — SimulatedAnnealing</title> <desc>GlyphWeave word cloud — seed 7 — algorithm simulated-annealing — 3 words — 6.7% fill</desc> <metadata> <glyphweave algorithm="simulated-annealing" fill_ratio="0.0667" placed_words="3" seed="7" xmlns="https://github.com/Acture/glyphweave/v1"/> </metadata> <text dominant-baseline="text-before-edge" fill="#DB2777" font-family="Noto Sans SC Regular" font-size="10" text-anchor="start" x="18" y="62"> rust </text> <text dominant-baseline="text-before-edge" fill="#059669" font-family="Noto Sans SC Regular" font-size="14" text-anchor="start" x="285" y="61"> score </text> <text dominant-baseline="text-before-edge" fill="#EA580C" font-family="Noto Sans SC Regular" font-size="11" text-anchor="start" x="24" y="107"> rust </text> </svg>